stm32g0xx_ll_tim.c:223:13:LL_TIM_DeInit	0	static
stm32g0xx_ll_tim.c:301:6:LL_TIM_StructInit	0	static
stm32g0xx_ll_tim.c:319:13:LL_TIM_Init	12	static
stm32g0xx_ll_tim.c:370:6:LL_TIM_OC_StructInit	0	static
stm32g0xx_ll_tim.c:398:13:LL_TIM_OC_Init	16	static
stm32g0xx_ll_tim.c:435:6:LL_TIM_IC_StructInit	0	static
stm32g0xx_ll_tim.c:457:13:LL_TIM_IC_Init	12	static
stm32g0xx_ll_tim.c:487:6:LL_TIM_ENCODER_StructInit	0	static
stm32g0xx_ll_tim.c:509:13:LL_TIM_ENCODER_Init	16	static
stm32g0xx_ll_tim.c:571:6:LL_TIM_HALLSENSOR_StructInit	0	static
stm32g0xx_ll_tim.c:600:13:LL_TIM_HALLSENSOR_Init	24	static
stm32g0xx_ll_tim.c:678:6:LL_TIM_BDTR_StructInit	0	static
stm32g0xx_ll_tim.c:712:13:LL_TIM_BDTR_Init	8	static
