stm32g0xx_ll_rcc.c:131:13:LL_RCC_DeInit	0	static
stm32g0xx_ll_rcc.c:199:6:LL_RCC_GetSystemClocksFreq	16	static
stm32g0xx_ll_rcc.c:219:10:LL_RCC_GetUSARTClockFreq	8	static
stm32g0xx_ll_rcc.c:299:10:LL_RCC_GetI2CClockFreq	8	static
stm32g0xx_ll_rcc.c:342:10:LL_RCC_GetI2SClockFreq	8	static
stm32g0xx_ll_rcc.c:388:10:LL_RCC_GetLPUARTClockFreq	8	static
stm32g0xx_ll_rcc.c:435:10:LL_RCC_GetLPTIMClockFreq	8	static
stm32g0xx_ll_rcc.c:522:10:LL_RCC_GetTIMClockFreq	16	static
stm32g0xx_ll_rcc.c:634:10:LL_RCC_GetCECClockFreq	0	static
stm32g0xx_ll_rcc.c:672:10:LL_RCC_GetADCClockFreq	8	static
stm32g0xx_ll_rcc.c:709:10:LL_RCC_GetRTCClockFreq	0	static
stm32g0xx_ll_rcc.c:759:10:RCC_GetSystemClockFreq	8	static
stm32g0xx_ll_rcc.c:790:10:RCC_GetHCLKClockFreq	0	static
stm32g0xx_ll_rcc.c:801:10:RCC_GetPCLK1ClockFreq	0	static
stm32g0xx_ll_rcc.c:810:10:RCC_PLL_GetFreqDomain_SYS	8	static
stm32g0xx_ll_rcc.c:840:10:RCC_PLL_GetFreqDomain_ADC	8	static
stm32g0xx_ll_rcc.c:868:10:RCC_PLL_GetFreqDomain_I2S1	8	static
stm32g0xx_ll_rcc.c:928:10:RCC_PLL_GetFreqDomain_TIM1	16	static
stm32g0xx_ll_rcc.c:959:10:RCC_PLL_GetFreqDomain_TIM15	16	static
