stm32g0xx_it.c:78:6:NMI_Handler	0	static
stm32g0xx_it.c:91:6:HardFault_Handler	0	static
stm32g0xx_it.c:106:6:SVC_Handler	0	static
stm32g0xx_it.c:119:6:PendSV_Handler	0	static
stm32g0xx_it.c:132:6:SysTick_Handler	0	static
stm32g0xx_it.c:153:6:DMA1_Channel1_IRQHandler	8	static
stm32g0xx_it.c:184:6:DMA1_Channel2_3_IRQHandler	8	static
stm32g0xx_it.c:209:6:ADC1_COMP_IRQHandler	8	static
stm32g0xx_it.c:239:6:TIM3_IRQHandler	0	static
stm32g0xx_it.c:263:6:TIM6_DAC_LPTIM1_IRQHandler	8	static
stm32g0xx_it.c:283:6:TIM14_IRQHandler	8	static
stm32g0xx_it.c:298:6:DMA1_Ch4_7_DMAMUX1_OVR_IRQHandler	12	static
